// Jest Snapshot v1, https://goo.gl/fbAQLP

exports[`Welcome welcome renders correctly 1`] = `
<div
  className="Welcome"
>
  <i />
  <div>
    <h1
      className="Title"
    >
      <span
        className="Emoji"
      >
        :sleuth:
      </span>
      <span>
        Sleuth
      </span>
    </h1>
    <h4>
      Drop a logs zip file or folder anywhere on this window to open it.
    </h4>
  </div>
  <div />
</div>
`;
